// Jest Snapshot v1, https://goo.gl/fbAQLP

exports[`init renders learn react link 1`] = `
Array [
  <input
    placeholder="input-text"
    type="text"
    value=""
  />,
]
`;
